// Jest Snapshot v1, https://goo.gl/fbAQLP

exports[`Header component matches snapshot 1`] = `
<div
  className="header-container"
>
  <ul>
    <li>
      <a
        href="/"
      >
        Math Magicians
      </a>
    </li>
    <li>
      <a
        href="/"
      >
        Home
      </a>
    </li>
    <li>
      <a
        href="/calculator"
      >
        Calculator
      </a>
    </li>
    <li>
      <a
        href="/quote"
      >
        Quote
      </a>
    </li>
  </ul>
</div>
`;
