// Jest Snapshot v1, https://goo.gl/fbAQLP

exports[`App component matches snapshot 1`] = `
Array [
  <div
    className="header-container"
  >
    <ul>
      <li>
        <a
          href="/"
        >
          Math Magicians
        </a>
      </li>
      <li>
        <a
          href="/"
        >
          Home
        </a>
      </li>
      <li>
        <a
          href="/calculator"
        >
          Calculator
        </a>
      </li>
      <li>
        <a
          href="/quote"
        >
          Quote
        </a>
      </li>
    </ul>
  </div>,
  <div
    className="app-container"
  >
    <div
      className="display"
    >
      <p
        className="display-content"
      >
        0
      </p>
    </div>
    <div>
      <div
        className="btn-group"
      >
        <button
          className=""
          onClick={[Function]}
          style={Object {}}
          type="button"
        >
          AC
        </button>
        <button
          className=""
          onClick={[Function]}
          style={Object {}}
          type="button"
        >
          +/-
        </button>
        <button
          className=""
          onClick={[Function]}
          style={Object {}}
          type="button"
        >
          %
        </button>
        <button
          className=""
          onClick={[Function]}
          style={
            Object {
              "backgroundColor": "#f39148",
            }
          }
          type="button"
        >
          รท
        </button>
      </div>
      <div
        className="btn-group"
      >
        <button
          className=""
          onClick={[Function]}
          style={Object {}}
          type="button"
        >
          7
        </button>
        <button
          className=""
          onClick={[Function]}
          style={Object {}}
          type="button"
        >
          8
        </button>
        <button
          className=""
          onClick={[Function]}
          style={Object {}}
          type="button"
        >
          9
        </button>
        <button
          className=""
          onClick={[Function]}
          style={
            Object {
              "backgroundColor": "#f39148",
            }
          }
          type="button"
        >
          X
        </button>
      </div>
      <div
        className="btn-group"
      >
        <button
          className=""
          onClick={[Function]}
          style={Object {}}
          type="button"
        >
          4
        </button>
        <button
          className=""
          onClick={[Function]}
          style={Object {}}
          type="button"
        >
          5
        </button>
        <button
          className=""
          onClick={[Function]}
          style={Object {}}
          type="button"
        >
          6
        </button>
        <button
          className=""
          onClick={[Function]}
          style={
            Object {
              "backgroundColor": "#f39148",
            }
          }
          type="button"
        >
          -
        </button>
      </div>
      <div
        className="btn-group"
      >
        <button
          className=""
          onClick={[Function]}
          style={Object {}}
          type="button"
        >
          1
        </button>
        <button
          className=""
          onClick={[Function]}
          style={Object {}}
          type="button"
        >
          2
        </button>
        <button
          className=""
          onClick={[Function]}
          style={Object {}}
          type="button"
        >
          3
        </button>
        <button
          className=""
          onClick={[Function]}
          style={
            Object {
              "backgroundColor": "#f39148",
            }
          }
          type="button"
        >
          +
        </button>
      </div>
      <div
        className="btn-group"
      >
        <button
          className="wide"
          onClick={[Function]}
          style={Object {}}
          type="button"
        >
          0
        </button>
        <button
          className=""
          onClick={[Function]}
          style={Object {}}
          type="button"
        >
          .
        </button>
        <button
          className=""
          onClick={[Function]}
          style={
            Object {
              "backgroundColor": "#f39148",
            }
          }
          type="button"
        >
          =
        </button>
      </div>
    </div>
  </div>,
]
`;
